// Jest Snapshot v1, https://goo.gl/fbAQLP

exports[`lib > reducers > create-otp-reducer should be able to create the initial state 1`] = `
Object {
  "activeSearchId": 0,
  "config": Object {
    "autoPlan": Object {
      "default": "ONE_LOCATION_CHANGED",
      "mobile": "BOTH_LOCATIONS_CHANGED",
    },
    "debouncePlanTimeMs": 0,
    "homeTimezone": "America/Los_Angeles",
    "language": Object {},
    "onTimeThresholdSeconds": 60,
    "phoneFormatOptions": Object {
      "countryCode": "US",
    },
    "realtimeEffectsDisplayThreshold": 120,
    "stopViewer": Object {
      "showBlockIds": false,
    },
    "transitOperators": Array [],
  },
  "currentQuery": Object {
    "date": "2019-08-04",
    "departArrive": "NOW",
    "intermediatePlaces": Array [],
    "mode": "WALK,TRANSIT",
    "numItineraries": 3,
    "routingType": "ITINERARY",
    "time": "19:34",
  },
  "filter": Object {
    "sort": Object {
      "direction": "ASC",
      "type": "BEST",
    },
  },
  "goMode": Object {
    "activeItinerary": null,
    "boardingPrompt": Object {
      "lastDismissedAt": null,
      "shown": false,
      "transitLegEnteredAt": null,
    },
    "departureOverride": null,
    "isActive": false,
    "notifications": Object {
      "enabled": true,
      "recentNotifications": Array [],
      "sentNotifications": Array [],
      "soundEnabled": false,
      "vibrationEnabled": true,
    },
    "originalFrom": null,
    "progress": null,
    "reRoute": Object {
      "candidate": null,
      "searchId": null,
      "status": "idle",
    },
    "routeMatch": null,
    "simulation": Object {
      "pointIndex": 0,
      "speedMultiplier": 1,
      "status": "idle",
      "totalPoints": 0,
    },
    "tracking": Object {
      "error": null,
      "interval": 8000,
      "isTracking": false,
      "lastPosition": null,
    },
    "ui": Object {
      "mapFollowUser": true,
    },
    "vehicleMatch": Object {
      "consecutiveMatches": 0,
      "match": null,
      "nearbyVehicles": Array [],
      "trackedRouteId": null,
    },
  },
  "initialUrl": "/",
  "lastActionMillis": 0,
  "location": Object {
    "currentPosition": Object {
      "coords": null,
      "error": null,
      "fetching": false,
    },
    "nearbyStops": Array [],
    "sessionSearches": Array [],
  },
  "modeSettingDefinitions": Array [],
  "overlay": Object {
    "bikeRental": Object {
      "stations": Array [],
    },
    "carRental": Object {
      "stations": Array [],
    },
    "parkAndRide": Object {
      "locations": null,
    },
    "transit": Object {
      "stops": Array [],
    },
    "transitive": null,
    "vehicleRental": Object {
      "stations": Array [],
    },
    "zipcar": Object {
      "locations": Array [],
    },
  },
  "searches": Object {},
  "tnc": Object {
    "etaEstimates": Object {},
    "rideEstimates": Object {},
  },
  "transitIndex": Object {
    "feeds": Array [],
    "routes": Object {},
    "routesFetchStatus": 0,
    "stops": Object {},
    "trips": Object {},
  },
  "ui": Object {
    "diagramLeg": null,
    "errors": Object {
      "networkConnectionLost": false,
    },
    "locale": null,
    "localizedMessages": null,
    "mainPanelContent": null,
    "mobileScreen": 1,
    "nearbyView": Object {
      "filters": Object {
        "BikeRentalStation": true,
        "RentalVehicle": true,
        "Stop": true,
        "VehicleParking": true,
      },
    },
    "popup": Object {
      "id": null,
    },
    "printView": false,
    "routeViewer": Object {
      "filter": Object {
        "agency": null,
        "mode": null,
        "search": "",
      },
    },
  },
}
`;
